// Jest Snapshot v1, https://goo.gl/fbAQLP

exports[`rendering renders 1`] = `
<DocumentFragment>
  <div
    class=""
  >
    <h1
      class="title is-1"
    >
      Register
    </h1>
    <hr />
    <br />
    <form>
      <div
        class="field"
      >
        <label
          class="label is-large"
          for="input-username"
        >
          Username
        </label>
        <input
          class="input is-large"
          id="input-username"
          name="username"
          placeholder="Enter a username"
          required=""
          type="text"
          value=""
        />
      </div>
      <div
        class="field"
      >
        <label
          class="label is-large"
          for="input-email"
        >
          Email
        </label>
        <input
          class="input is-large"
          id="input-email"
          name="email"
          placeholder="Enter an email address"
          required=""
          type="email"
          value=""
        />
      </div>
      <div
        class="field"
      >
        <label
          class="label is-large"
          for="input-password"
        >
          Password
        </label>
        <input
          class="input is-large"
          id="input-password"
          name="password"
          placeholder="Enter a password"
          required=""
          type="password"
          value=""
        />
      </div>
      <input
        class="button is-primary is-large is-fullwidth"
        type="submit"
        value="Submit"
      />
    </form>
  </div>
</DocumentFragment>
`;
